// Jest Snapshot v1, https://goo.gl/fbAQLP

exports[`App matches snapshot when no macros exist 1`] = `
{
  "asFragment": [Function],
  "baseElement": <body>
    <div
      id="nodes"
    >
      {"1":["Bathroom","Kitchen","Living Room"],"2":["Thermostat","Bedroom"]}
    </div>
    <div
      id="macros"
    >
      {}
    </div>
    <div
      id="recording"
    >
      ""
    </div>
    <div>
      <div
        class="d-flex flex-column vh-100"
      >
        <div
          class="d-flex justify-content-between"
        >
          <button
            class="btn btn-primary"
            style="visibility: hidden;"
            type="button"
          >
            <i
              class="bi-list"
            />
          </button>
          <h1
            class="my-3 "
          >
            Api Overview
          </h1>
          <div
            class="my-auto dropdown"
          >
            <button
              aria-expanded="false"
              class="dropdown-toggle btn btn-light"
              id="settings-button"
              type="button"
            >
              <i
                class="bi-list"
              />
            </button>
          </div>
        </div>
        <div
          class="text-center section mt-3 mb-4 p-3"
        >
          <h5
            class="mb-3 fw-bold"
          >
            Upstairs
          </h5>
          <button
            class="m-1 btn btn-primary"
            type="button"
          >
            Thermostat
          </button>
          <button
            class="m-1 btn btn-primary"
            type="button"
          >
            Bedroom
          </button>
        </div>
        <div
          class="text-center section mt-3 mb-4 p-3"
        >
          <h5
            class="mb-3 fw-bold"
          >
            Downstairs
          </h5>
          <button
            class="m-1 btn btn-primary"
            type="button"
          >
            Bathroom
          </button>
          <button
            class="m-1 btn btn-primary"
            type="button"
          >
            Kitchen
          </button>
          <button
            class="m-1 btn btn-primary"
            type="button"
          >
            Living Room
          </button>
        </div>
        <h1
          class="text-center mt-5"
        >
          Macros
        </h1>
        <div
          class="text-center section p-3 mx-auto macro-container"
        >
          <div
            class="form-floating mb-3"
          >
            <div
              class="form-floating"
            >
              <input
                class="form-control"
                id="new-macro-name"
                placeholder="New macro name"
                type="text"
                value=""
              />
              <div
                class="invalid-feedback"
              >
                Name already in use
              </div>
              <label>
                New macro name
              </label>
            </div>
          </div>
          <button
            class="btn btn-success"
            disabled=""
            type="button"
          >
            Start Recording
          </button>
        </div>
        <div
          class="d-flex mx-auto flex-column mt-auto py-4"
        >
          <button
            class="btn btn-secondary"
            type="button"
          >
            Manage
          </button>
        </div>
      </div>
    </div>
  </body>,
  "container": <div>
    <div
      class="d-flex flex-column vh-100"
    >
      <div
        class="d-flex justify-content-between"
      >
        <button
          class="btn btn-primary"
          style="visibility: hidden;"
          type="button"
        >
          <i
            class="bi-list"
          />
        </button>
        <h1
          class="my-3 "
        >
          Api Overview
        </h1>
        <div
          class="my-auto dropdown"
        >
          <button
            aria-expanded="false"
            class="dropdown-toggle btn btn-light"
            id="settings-button"
            type="button"
          >
            <i
              class="bi-list"
            />
          </button>
        </div>
      </div>
      <div
        class="text-center section mt-3 mb-4 p-3"
      >
        <h5
          class="mb-3 fw-bold"
        >
          Upstairs
        </h5>
        <button
          class="m-1 btn btn-primary"
          type="button"
        >
          Thermostat
        </button>
        <button
          class="m-1 btn btn-primary"
          type="button"
        >
          Bedroom
        </button>
      </div>
      <div
        class="text-center section mt-3 mb-4 p-3"
      >
        <h5
          class="mb-3 fw-bold"
        >
          Downstairs
        </h5>
        <button
          class="m-1 btn btn-primary"
          type="button"
        >
          Bathroom
        </button>
        <button
          class="m-1 btn btn-primary"
          type="button"
        >
          Kitchen
        </button>
        <button
          class="m-1 btn btn-primary"
          type="button"
        >
          Living Room
        </button>
      </div>
      <h1
        class="text-center mt-5"
      >
        Macros
      </h1>
      <div
        class="text-center section p-3 mx-auto macro-container"
      >
        <div
          class="form-floating mb-3"
        >
          <div
            class="form-floating"
          >
            <input
              class="form-control"
              id="new-macro-name"
              placeholder="New macro name"
              type="text"
              value=""
            />
            <div
              class="invalid-feedback"
            >
              Name already in use
            </div>
            <label>
              New macro name
            </label>
          </div>
        </div>
        <button
          class="btn btn-success"
          disabled=""
          type="button"
        >
          Start Recording
        </button>
      </div>
      <div
        class="d-flex mx-auto flex-column mt-auto py-4"
      >
        <button
          class="btn btn-secondary"
          type="button"
        >
          Manage
        </button>
      </div>
    </div>
  </div>,
  "debug": [Function],
  "findAllByAltText": [Function],
  "findAllByDisplayValue": [Function],
  "findAllByLabelText": [Function],
  "findAllByPlaceholderText": [Function],
  "findAllByRole": [Function],
  "findAllByTestId": [Function],
  "findAllByText": [Function],
  "findAllByTitle": [Function],
  "findByAltText": [Function],
  "findByDisplayValue": [Function],
  "findByLabelText": [Function],
  "findByPlaceholderText": [Function],
  "findByRole": [Function],
  "findByTestId": [Function],
  "findByText": [Function],
  "findByTitle": [Function],
  "getAllByAltText": [Function],
  "getAllByDisplayValue": [Function],
  "getAllByLabelText": [Function],
  "getAllByPlaceholderText": [Function],
  "getAllByRole": [Function],
  "getAllByTestId": [Function],
  "getAllByText": [Function],
  "getAllByTitle": [Function],
  "getByAltText": [Function],
  "getByDisplayValue": [Function],
  "getByLabelText": [Function],
  "getByPlaceholderText": [Function],
  "getByRole": [Function],
  "getByTestId": [Function],
  "getByText": [Function],
  "getByTitle": [Function],
  "queryAllByAltText": [Function],
  "queryAllByDisplayValue": [Function],
  "queryAllByLabelText": [Function],
  "queryAllByPlaceholderText": [Function],
  "queryAllByRole": [Function],
  "queryAllByTestId": [Function],
  "queryAllByText": [Function],
  "queryAllByTitle": [Function],
  "queryByAltText": [Function],
  "queryByDisplayValue": [Function],
  "queryByLabelText": [Function],
  "queryByPlaceholderText": [Function],
  "queryByRole": [Function],
  "queryByTestId": [Function],
  "queryByText": [Function],
  "queryByTitle": [Function],
  "rerender": [Function],
  "unmount": [Function],
}
`;
