// Jest Snapshot v1, https://goo.gl/fbAQLP

exports[`App matches snapshot when creating new config file 1`] = `
{
  "asFragment": [Function],
  "baseElement": <body>
    <div
      id="config"
    >
      {"metadata":{"id":"","floor":"","location":"","schedule_keywords":{"morning":"08:00","sleep":"23:00","sunrise":"06:00","sunset":"18:00","relax":"20:00"}}}
    </div>
    <div
      id="api_target_options"
    >
      {"addresses":{"self-target":"127.0.0.1","Bathroom":"192.168.1.100","Kitchen":"192.168.1.101","Living Room":"192.168.1.102","Bedroom":"192.168.1.103","Thermostat":"192.168.1.104"},"self-target":{},"Bathroom":{"sensor1":{"display":"Motion Sensor (pir)","options":["enable","disable","enable_in","disable_in","set_rule","reset_rule","trigger_sensor"]},"device1":{"display":"Bathroom LEDs (pwm)","options":["enable","disable","enable_in","disable_in","set_rule","reset_rule","turn_on","turn_off"]},"device2":{"display":"Bathroom Lights (tasmota-relay)","options":["enable","disable","enable_in","disable_in","set_rule","reset_rule","turn_on","turn_off"]},"ignore":{"display":"Ignore action"}},"Kitchen":{"sensor1":{"display":"Motion Sensor (pir)","options":["enable","disable","enable_in","disable_in","set_rule","reset_rule","trigger_sensor"]},"device1":{"display":"Cabinet Lights (pwm)","options":["enable","disable","enable_in","disable_in","set_rule","reset_rule","turn_on","turn_off"]},"device2":{"display":"Overhead Lights (tasmota-relay)","options":["enable","disable","enable_in","disable_in","set_rule","reset_rule","turn_on","turn_off"]},"ignore":{"display":"Ignore action"}},"Living Room":{"sensor1":{"display":"Motion Sensor (pir)","options":["enable","disable","enable_in","disable_in","set_rule","reset_rule","trigger_sensor"]},"sensor2":{"display":"Sunset Sensor (dummy)","options":["enable","disable","enable_in","disable_in","set_rule","reset_rule","trigger_sensor"]},"device1":{"display":"Overhead Lights (dimmer)","options":["enable","disable","enable_in","disable_in","set_rule","reset_rule","turn_on","turn_off"]},"device2":{"display":"Lamp (bulb)","options":["enable","disable","enable_in","disable_in","set_rule","reset_rule","turn_on","turn_off"]},"device3":{"display":"Porch Light (tasmota-relay)","options":["enable","disable","enable_in","disable_in","set_rule","reset_rule","turn_on","turn_off"]},"ignore":{"display":"Ignore action"}},"Thermostat":{"device1":{"display":"Air Conditioner (api-target)","options":["enable","disable","enable_in","disable_in","set_rule","reset_rule","turn_on","turn_off"]},"sensor1":{"display":"Thermostat (si7021)","options":["enable","disable","enable_in","disable_in","set_rule","reset_rule"]},"ir_key":{"display":"Ir Blaster","options":["tv","ac"],"keys":{"tv":["power","vol_up","vol_down","mute","up","down","left","right","enter","settings","exit","source"],"ac":["start","stop","off"]}},"ignore":{"display":"Ignore action"}},"Bedroom":{"sensor1":{"display":"Motion Sensor (pir)","options":["enable","disable","enable_in","disable_in","set_rule","reset_rule","trigger_sensor"]},"device1":{"display":"Lights (dimmer)","options":["enable","disable","enable_in","disable_in","set_rule","reset_rule","turn_on","turn_off"]},"device2":{"display":"Bias lights (wled)","options":["enable","disable","enable_in","disable_in","set_rule","reset_rule","turn_on","turn_off"]},"sensor2":{"display":"Override (dummy)","options":["enable","disable","enable_in","disable_in","set_rule","reset_rule","trigger_sensor"]},"ignore":{"display":"Ignore action"}}}
    </div>
    <div
      id="instance_metadata"
    >
      {"devices":{"mosfet":{"config_name":"mosfet","class_name":"Mosfet","display_name":"Mosfet","dependencies":["devices/Mosfet.py","devices/Device.py","core/Instance.py"],"config_template":{"_type":"mosfet","nickname":"placeholder","default_rule":"placeholder","pin":"placeholder","schedule":{}},"rule_prompt":"standard"},"http-get":{"config_name":"http-get","class_name":"HttpGet","display_name":"HTTP Get Request","dependencies":["devices/HttpGet.py","devices/Device.py","core/Instance.py"],"config_template":{"_type":"http-get","nickname":"placeholder","default_rule":"placeholder","uri":"placeholder","on_path":"placeholder","off_path":"placeholder","schedule":{}},"rule_prompt":"standard"},"pwm":{"config_name":"pwm","class_name":"LedStrip","display_name":"LED Strip","dependencies":["devices/LedStrip.py","devices/DimmableLight.py","devices/Device.py","core/Instance.py"],"config_template":{"_type":"pwm","nickname":"placeholder","min_rule":"placeholder","max_rule":"placeholder","default_rule":"placeholder","pin":"placeholder","schedule":{}},"rule_prompt":"int_or_fade","rule_limits":[0,1023]},"desktop":{"config_name":"desktop","class_name":"DesktopTarget","display_name":"Computer Screen","dependencies":["devices/DesktopTarget.py","devices/HttpGet.py","devices/Device.py","core/Instance.py"],"config_template":{"_type":"desktop","nickname":"placeholder","ip":"placeholder","default_rule":"placeholder","schedule":{}},"rule_prompt":"standard"},"tasmota-relay":{"config_name":"tasmota-relay","class_name":"TasmotaRelay","display_name":"Tasmota Smart Relay","dependencies":["devices/TasmotaRelay.py","devices/HttpGet.py","devices/Device.py","core/Instance.py"],"config_template":{"_type":"tasmota-relay","nickname":"placeholder","ip":"placeholder","default_rule":"placeholder","schedule":{}},"rule_prompt":"standard"},"dimmer":{"config_name":"dimmer","class_name":"Tplink","display_name":"TP Link Smart Dimmer","dependencies":["devices/Tplink.py","devices/DimmableLight.py","devices/Device.py","core/Instance.py"],"config_template":{"_type":"dimmer","nickname":"placeholder","ip":"placeholder","min_rule":"placeholder","max_rule":"placeholder","default_rule":"placeholder","schedule":{}},"rule_prompt":"int_or_fade","rule_limits":[1,100]},"api-target":{"config_name":"api-target","class_name":"ApiTarget","display_name":"API command","dependencies":["devices/ApiTarget.py","devices/Device.py","core/Instance.py"],"config_template":{"_type":"api-target","nickname":"placeholder","ip":"placeholder","default_rule":"placeholder","schedule":{}},"rule_prompt":"api_target"},"dumb-relay":{"config_name":"dumb-relay","class_name":"DumbRelay","display_name":"Relay","dependencies":["devices/DumbRelay.py","devices/Device.py","core/Instance.py"],"config_template":{"_type":"dumb-relay","nickname":"placeholder","default_rule":"placeholder","pin":"placeholder","schedule":{}},"rule_prompt":"standard"},"bulb":{"config_name":"bulb","class_name":"Tplink","display_name":"TP Link Smart Bulb","dependencies":["devices/Tplink.py","devices/DimmableLight.py","devices/Device.py","core/Instance.py"],"config_template":{"_type":"bulb","nickname":"placeholder","ip":"placeholder","min_rule":"placeholder","max_rule":"placeholder","default_rule":"placeholder","schedule":{}},"rule_prompt":"int_or_fade","rule_limits":[1,100]},"wled":{"config_name":"wled","class_name":"Wled","display_name":"WLED","dependencies":["devices/Wled.py","devices/DimmableLight.py","devices/Device.py","core/Instance.py"],"config_template":{"_type":"wled","nickname":"placeholder","ip":"placeholder","min_rule":"placeholder","max_rule":"placeholder","default_rule":"placeholder","schedule":{}},"rule_prompt":"int_or_fade","rule_limits":[1,255]}},"sensors":{"switch":{"config_name":"switch","class_name":"Switch","display_name":"Switch","dependencies":["sensors/Switch.py","sensors/Sensor.py","core/Instance.py"],"config_template":{"_type":"switch","nickname":"placeholder","default_rule":"placeholder","pin":"placeholder","schedule":{},"targets":[]},"rule_prompt":"standard","triggerable":false},"dht22":{"config_name":"dht22","class_name":"Dht22","display_name":"DHT22 Temperature Sensor","dependencies":["sensors/Dht22.py","sensors/Thermostat.py","sensors/Sensor.py","core/Instance.py"],"config_template":{"_type":"dht22","nickname":"placeholder","units":"placeholder","default_rule":"placeholder","mode":"placeholder","tolerance":"placeholder","pin":"placeholder","schedule":{},"targets":[]},"rule_prompt":"float_range","rule_limits":[18,27],"triggerable":false},"si7021":{"config_name":"si7021","class_name":"Si7021","display_name":"SI7021 Temperature Sensor","dependencies":["sensors/Si7021.py","sensors/Thermostat.py","sensors/Sensor.py","core/Instance.py"],"config_template":{"_type":"si7021","nickname":"placeholder","units":"placeholder","default_rule":"placeholder","mode":"placeholder","tolerance":"placeholder","schedule":{},"targets":[]},"rule_prompt":"float_range","rule_limits":[18,27],"triggerable":false},"desktop":{"config_name":"desktop","class_name":"DesktopTrigger","display_name":"Computer Activity","dependencies":["sensors/DesktopTrigger.py","sensors/Sensor.py","core/Instance.py"],"config_template":{"_type":"desktop","nickname":"placeholder","default_rule":"placeholder","ip":"placeholder","schedule":{},"targets":[]},"rule_prompt":"standard","triggerable":true},"pir":{"config_name":"pir","class_name":"MotionSensor","display_name":"PIR Motion Sensor","dependencies":["sensors/MotionSensor.py","sensors/Sensor.py","core/Instance.py"],"config_template":{"_type":"pir","nickname":"placeholder","default_rule":"placeholder","pin":"placeholder","schedule":{},"targets":[]},"rule_prompt":"float_range","rule_limits":[0,60],"triggerable":true},"load-cell":{"config_name":"load-cell","class_name":"LoadCell","display_name":"Load Cell Pressure Sensor","dependencies":["sensors/LoadCell.py","sensors/Sensor.py","core/Instance.py"],"config_template":{"_type":"load-cell","nickname":"placeholder","default_rule":"placeholder","pin_data":"placeholder","pin_clock":"placeholder","schedule":{},"targets":[]},"rule_prompt":"float_range","rule_limits":[0,10000000],"triggerable":false},"dummy":{"config_name":"dummy","class_name":"Dummy","display_name":"Dummy Sensor","dependencies":["sensors/Dummy.py","sensors/Sensor.py","core/Instance.py"],"config_template":{"_type":"dummy","nickname":"placeholder","default_rule":"placeholder","schedule":{},"targets":[]},"rule_prompt":"on_off","triggerable":true}}}
    </div>
    <div
      id="edit_existing"
    >
      false
    </div>
    <div
      id="ir_blaster_targets"
    >
      ["samsung","whynter"]
    </div>
    <div>
      <div
        class="d-flex flex-column vh-100"
      >
        <h1
          class="text-center pt-3 pb-4"
        />
        <div
          id="metadata"
        >
          <div
            class="mb-4 mx-3"
          >
            <div
              class="mb-2"
            >
              <label
                class="w-100 fw-bold"
              >
                Name
                :
                <input
                  class="form-control"
                  type="text"
                  value=""
                />
                <div
                  class="invalid-feedback"
                >
                  Name must be unique
                </div>
              </label>
            </div>
            <div
              class="mb-2"
            >
              <label
                class="w-100 fw-bold"
              >
                Location
                :
                <input
                  class="form-control"
                  type="text"
                  value=""
                />
              </label>
            </div>
            <div
              class="mb-2"
            >
              <label
                class="w-100 fw-bold"
              >
                Floor
                :
                <input
                  class="form-control"
                  type="text"
                  value=""
                />
              </label>
            </div>
          </div>
        </div>
        <div
          class="max-width-md-50 w-100 mx-auto text-center"
        >
          <p
            class="text-center mt-3"
          >
            <button
              class="btn btn-secondary"
              type="button"
            >
              Add IR Blaster
            </button>
          </p>
          <div
            class="collapse"
          >
            <div
              class="card"
            >
              <div
                class="mx-auto card-body"
              >
                <h2>
                  IR Blaster
                </h2>
                <div
                  class="mb-2"
                >
                  <label
                    class="w-100 fw-bold"
                  >
                    Pin
                    :
                    <select
                      class="form-select"
                    >
                      <option
                        value=""
                      >
                        Select pin
                      </option>
                      <option
                        value="4"
                      >
                        4
                      </option>
                      <option
                        value="13"
                      >
                        13
                      </option>
                      <option
                        value="16"
                      >
                        16
                      </option>
                      <option
                        value="17"
                      >
                        17
                      </option>
                      <option
                        value="18"
                      >
                        18
                      </option>
                      <option
                        value="19"
                      >
                        19
                      </option>
                      <option
                        value="21"
                      >
                        21
                      </option>
                      <option
                        value="22"
                      >
                        22
                      </option>
                      <option
                        value="23"
                      >
                        23
                      </option>
                      <option
                        value="25"
                      >
                        25
                      </option>
                      <option
                        value="26"
                      >
                        26
                      </option>
                      <option
                        value="27"
                      >
                        27
                      </option>
                      <option
                        value="32"
                      >
                        32
                      </option>
                      <option
                        value="33"
                      >
                        33
                      </option>
                    </select>
                  </label>
                </div>
                <div
                  class="mb-2"
                >
                  <label
                    class="fw-bold"
                    for="ir-remotes"
                  >
                    Virtual remotes:
                  </label>
                  <div
                    id="ir-remotes"
                  >
                    <div
                      class="form-check"
                    >
                      <input
                        class="form-check-input"
                        id="samsung-codes"
                        type="checkbox"
                      />
                      <label
                        class="form-check-label"
                        for="samsung-codes"
                        title=""
                      >
                        Samsung
                      </label>
                    </div>
                    <div
                      class="form-check"
                    >
                      <input
                        class="form-check-input"
                        id="whynter-codes"
                        type="checkbox"
                      />
                      <label
                        class="form-check-label"
                        for="whynter-codes"
                        title=""
                      >
                        Whynter
                      </label>
                    </div>
                  </div>
                </div>
              </div>
            </div>
          </div>
        </div>
        <div
          class="d-flex flex-column"
        >
          <div
            class="mt-3 row"
          >
            <div
              class="col-sm"
            >
              <h2
                class="text-center"
              >
                Add 
                Sensor
                s
              </h2>
              <div
                class="text-center position-relative mb-3 "
              >
                <button
                  class="btn btn-secondary"
                  type="button"
                >
                  Add 
                  Sensor
                </button>
              </div>
            </div>
            <div
              class="col-sm"
            >
              <h2
                class="text-center"
              >
                Add 
                Device
                s
              </h2>
              <div
                class="text-center position-relative mb-3 "
              >
                <button
                  class="btn btn-secondary"
                  type="button"
                >
                  Add 
                  Device
                </button>
              </div>
            </div>
          </div>
        </div>
        <div
          class="d-flex justify-content-between mx-3 mt-auto"
        >
          <button
            class="mb-4 btn btn-primary"
            type="button"
          >
            Back
          </button>
          <button
            class="mb-4 btn btn-primary"
            type="button"
          >
            Next
          </button>
        </div>
      </div>
    </div>
  </body>,
  "container": <div>
    <div
      class="d-flex flex-column vh-100"
    >
      <h1
        class="text-center pt-3 pb-4"
      />
      <div
        id="metadata"
      >
        <div
          class="mb-4 mx-3"
        >
          <div
            class="mb-2"
          >
            <label
              class="w-100 fw-bold"
            >
              Name
              :
              <input
                class="form-control"
                type="text"
                value=""
              />
              <div
                class="invalid-feedback"
              >
                Name must be unique
              </div>
            </label>
          </div>
          <div
            class="mb-2"
          >
            <label
              class="w-100 fw-bold"
            >
              Location
              :
              <input
                class="form-control"
                type="text"
                value=""
              />
            </label>
          </div>
          <div
            class="mb-2"
          >
            <label
              class="w-100 fw-bold"
            >
              Floor
              :
              <input
                class="form-control"
                type="text"
                value=""
              />
            </label>
          </div>
        </div>
      </div>
      <div
        class="max-width-md-50 w-100 mx-auto text-center"
      >
        <p
          class="text-center mt-3"
        >
          <button
            class="btn btn-secondary"
            type="button"
          >
            Add IR Blaster
          </button>
        </p>
        <div
          class="collapse"
        >
          <div
            class="card"
          >
            <div
              class="mx-auto card-body"
            >
              <h2>
                IR Blaster
              </h2>
              <div
                class="mb-2"
              >
                <label
                  class="w-100 fw-bold"
                >
                  Pin
                  :
                  <select
                    class="form-select"
                  >
                    <option
                      value=""
                    >
                      Select pin
                    </option>
                    <option
                      value="4"
                    >
                      4
                    </option>
                    <option
                      value="13"
                    >
                      13
                    </option>
                    <option
                      value="16"
                    >
                      16
                    </option>
                    <option
                      value="17"
                    >
                      17
                    </option>
                    <option
                      value="18"
                    >
                      18
                    </option>
                    <option
                      value="19"
                    >
                      19
                    </option>
                    <option
                      value="21"
                    >
                      21
                    </option>
                    <option
                      value="22"
                    >
                      22
                    </option>
                    <option
                      value="23"
                    >
                      23
                    </option>
                    <option
                      value="25"
                    >
                      25
                    </option>
                    <option
                      value="26"
                    >
                      26
                    </option>
                    <option
                      value="27"
                    >
                      27
                    </option>
                    <option
                      value="32"
                    >
                      32
                    </option>
                    <option
                      value="33"
                    >
                      33
                    </option>
                  </select>
                </label>
              </div>
              <div
                class="mb-2"
              >
                <label
                  class="fw-bold"
                  for="ir-remotes"
                >
                  Virtual remotes:
                </label>
                <div
                  id="ir-remotes"
                >
                  <div
                    class="form-check"
                  >
                    <input
                      class="form-check-input"
                      id="samsung-codes"
                      type="checkbox"
                    />
                    <label
                      class="form-check-label"
                      for="samsung-codes"
                      title=""
                    >
                      Samsung
                    </label>
                  </div>
                  <div
                    class="form-check"
                  >
                    <input
                      class="form-check-input"
                      id="whynter-codes"
                      type="checkbox"
                    />
                    <label
                      class="form-check-label"
                      for="whynter-codes"
                      title=""
                    >
                      Whynter
                    </label>
                  </div>
                </div>
              </div>
            </div>
          </div>
        </div>
      </div>
      <div
        class="d-flex flex-column"
      >
        <div
          class="mt-3 row"
        >
          <div
            class="col-sm"
          >
            <h2
              class="text-center"
            >
              Add 
              Sensor
              s
            </h2>
            <div
              class="text-center position-relative mb-3 "
            >
              <button
                class="btn btn-secondary"
                type="button"
              >
                Add 
                Sensor
              </button>
            </div>
          </div>
          <div
            class="col-sm"
          >
            <h2
              class="text-center"
            >
              Add 
              Device
              s
            </h2>
            <div
              class="text-center position-relative mb-3 "
            >
              <button
                class="btn btn-secondary"
                type="button"
              >
                Add 
                Device
              </button>
            </div>
          </div>
        </div>
      </div>
      <div
        class="d-flex justify-content-between mx-3 mt-auto"
      >
        <button
          class="mb-4 btn btn-primary"
          type="button"
        >
          Back
        </button>
        <button
          class="mb-4 btn btn-primary"
          type="button"
        >
          Next
        </button>
      </div>
    </div>
  </div>,
  "debug": [Function],
  "findAllByAltText": [Function],
  "findAllByDisplayValue": [Function],
  "findAllByLabelText": [Function],
  "findAllByPlaceholderText": [Function],
  "findAllByRole": [Function],
  "findAllByTestId": [Function],
  "findAllByText": [Function],
  "findAllByTitle": [Function],
  "findByAltText": [Function],
  "findByDisplayValue": [Function],
  "findByLabelText": [Function],
  "findByPlaceholderText": [Function],
  "findByRole": [Function],
  "findByTestId": [Function],
  "findByText": [Function],
  "findByTitle": [Function],
  "getAllByAltText": [Function],
  "getAllByDisplayValue": [Function],
  "getAllByLabelText": [Function],
  "getAllByPlaceholderText": [Function],
  "getAllByRole": [Function],
  "getAllByTestId": [Function],
  "getAllByText": [Function],
  "getAllByTitle": [Function],
  "getByAltText": [Function],
  "getByDisplayValue": [Function],
  "getByLabelText": [Function],
  "getByPlaceholderText": [Function],
  "getByRole": [Function],
  "getByTestId": [Function],
  "getByText": [Function],
  "getByTitle": [Function],
  "queryAllByAltText": [Function],
  "queryAllByDisplayValue": [Function],
  "queryAllByLabelText": [Function],
  "queryAllByPlaceholderText": [Function],
  "queryAllByRole": [Function],
  "queryAllByTestId": [Function],
  "queryAllByText": [Function],
  "queryAllByTitle": [Function],
  "queryByAltText": [Function],
  "queryByDisplayValue": [Function],
  "queryByLabelText": [Function],
  "queryByPlaceholderText": [Function],
  "queryByRole": [Function],
  "queryByTestId": [Function],
  "queryByText": [Function],
  "queryByTitle": [Function],
  "rerender": [Function],
  "unmount": [Function],
}
`;
